1 Topology  2 Sessions  3 Node Logs  4 Ops Log                                  
╭───────────────────────────────────────────────────╮╭─────────────────────────╮
│▓▓ LEAF (1)                                        ││Select a node to view    │
│▸ ● leaf-01                                        ││details.                 │
│  └ eth1 ──── spine-01:eth1  DOWN                  ││                         │
│▓▓ SPINE (1)                                       ││                         │
│  ● spine-01                                       ││                         │
│  ┃ eth1  UP                                       ││                         │
│  └ eth1 ──── leaf-01:eth1  DOWN                   ││                         │
│                                                   ││                         │
│                                                   ││                         │
│                                                   ││                         │
│                                                   ││                         │
│                                                   ││                         │
│                                                   ││                         │
│                                                   ││                         │
│                                                   ││                         │
│                                                   ││                         │
│                                                   ││                         │
│                                                   ││                         │
│                                                   ││                         │
│                                                   ││                         │
╰───────────────────────────────────────────────────╯╰─────────────────────────╯
 space menu  •  q quit                                                          
